port 8000 is serving builds/current
igv.js 3.8.5
20x-shortread jbrowse run 1: 2445
20x-shortread igv run 1: 2125
20x-shortread igv-deep run 1: 1974
20x-shortread jbrowse run 2: 2419
20x-shortread igv run 2: 1837
20x-shortread igv-deep run 2: 2020
20x-shortread jbrowse run 3: 2288
20x-shortread igv run 3: 1638
20x-shortread igv-deep run 3: 1583
200x-shortread jbrowse run 1: 2468
200x-shortread igv run 1: 6829
200x-shortread igv-deep run 1: 6660
200x-shortread jbrowse run 2: 2475
200x-shortread igv run 2: 7175
200x-shortread igv-deep run 2: 7970
200x-shortread jbrowse run 3: 2582
200x-shortread igv run 3: 7162
200x-shortread igv-deep run 3: 7255
1000x-shortread jbrowse run 1: 5730
1000x-shortread igv run 1: 51789
1000x-shortread igv-deep run 1: 54423
1000x-shortread jbrowse run 2: 5944
1000x-shortread igv run 2: 49435
1000x-shortread igv-deep run 2: 57866
1000x-shortread jbrowse run 3: 8495
1000x-shortread igv run 3: 76254
1000x-shortread igv-deep run 3: 56722
20x-longread jbrowse run 1: 2483
20x-longread igv run 1: 5456
20x-longread igv-deep run 1: 6062
20x-longread jbrowse run 2: 2887
20x-longread igv run 2: 7727
20x-longread igv-deep run 2: 7688
20x-longread jbrowse run 3: 2755
20x-longread igv run 3: 5452
20x-longread igv-deep run 3: 4578
200x-longread jbrowse run 1: 4504
200x-longread igv run 1: 27735
200x-longread igv-deep run 1: 22369
200x-longread jbrowse run 2: 3563
200x-longread igv run 2: 28551
200x-longread igv-deep run 2: 31854
200x-longread jbrowse run 3: 3623
200x-longread igv run 3: 22902
200x-longread igv-deep run 3: 31133
1000x-longread jbrowse run 1: 8273
1000x-longread igv run 1: 91447
1000x-longread igv-deep run 1: 118024
1000x-longread jbrowse run 2: 10446
1000x-longread igv run 2: NaN
1000x-longread igv-deep run 2: NaN
1000x-longread jbrowse run 3: 4522
1000x-longread igv run 3: NaN
1000x-longread igv-deep run 3: NaN
# Cross-tool render benchmark: JBrowse vs igv.js

JBrowse `builds/current` (WebGL2) against igv.js 3.8.5, same BAM files, same window `chr22_mask:124000-143000`, same instrument.

The instrument is `scripts/crosstool/paintprofile.ts`: navigation to the last frame in which the pixels change, polled by screenshot. It belongs to neither tool — igv.js hides its spinner when features finish *loading*, before it draws them, so its own loading state would credit it with a render it has not done. Cost: the paint instrument reads a few hundred ms higher than the testid instrument used elsewhere in this repo, because it also waits out the settling of everything else on the page. That bias applies to both columns.

`igv.js` is measured twice. By default igv draws at most 100 reads per 100 bp window and JBrowse draws every read, so the default column compares two tools doing different amounts of work — it is what a user gets, not what the renderers cost. The `no downsampling` column raises `samplingDepth` past the deepest window in the corpus, so both tools draw every read.

Median of 3 runs after 1 warmup, tools interleaved within each round. `load` is the highest 1-minute load average across the row's cells; this box is shared, and a row above 4.0 is not comparable to one measured idle.

| case | JBrowse (current) | igv.js 3.8.5 | igv.js 3.8.5, no downsampling | igv default ÷ JBrowse | igv deep ÷ JBrowse | measured | load |
|---|---:|---:|---:|---:|---:|---:|---:|
| 20x-shortread | 2419 ±69 | 1837 ±200 | 1974 ±196 | 0.76× | 0.82× | 2026-08-05 | 30.5 |
| 200x-shortread | 2475 ±52 | 7162 ±160 | 7255 ±536 | 2.89× | 2.93× | 2026-08-05 | 20.8 |
| 1000x-shortread | 5944 ±1256 | 51789 ±12126 | 56722 ±1432 | 8.71× | 9.54× | 2026-08-05 | 31.4 |
| 20x-longread | 2755 ±168 | 5456 ±1072 | 6062 ±1270 | 1.98× | 2.20× | 2026-08-05 | 31.4 |
| 200x-longread | 3623 ±430 | 27735 ±2493 | 31133 ±4311 | 7.66× | 8.59× | 2026-08-05 | 20.7 |
| 1000x-longread | 8273 ±2447 | 91447 ±0 | 118024 ±0 | 11.05× | 14.27× | 2026-08-05 | 35.8 |

Median cell load across the matrix: 30.48. No cell stands out from the run.

A ratio above 1 means igv.js took longer. Read the ratios, not the absolutes: both columns of a row are measured within seconds of each other, so a ratio survives load the absolutes do not.

