started Wed Aug  5 08:48:29 AM EDT 2026
new: port 8000 is serving builds/current
baseline: port 8001 is serving builds/release-4.3.0
20x-shortread / current / zoom-in: time-to-content 0ms (loading=false, steps=5)
20x-shortread / release-4.3.0 / zoom-in: time-to-content 1059ms (loading=true, steps=5)
20x-shortread / current / zoom-out: time-to-content 0ms (1 bail) (loading=true, steps=3)
20x-shortread / release-4.3.0 / zoom-out: time-to-content 1970ms (loading=true, steps=4)
20x-shortread / current / pan: time-to-content 337ms (loading=true, steps=5) [chr22_mask:143,003..162,003 → chr22_mask:162,004..181,004 → chr22_mask:181,005..200,005 → chr22_mask:200,006..219,006 → chr22_mask:219,007..238,007]
20x-shortread / release-4.3.0 / pan: time-to-content 641ms (loading=true, steps=5) [chr22_mask:143,003..162,003 → chr22_mask:162,004..181,004 → chr22_mask:181,005..200,005 → chr22_mask:200,006..219,006 → chr22_mask:219,007..238,007]
200x-shortread / current / zoom-in: time-to-content 0ms (loading=false, steps=5)
200x-shortread / release-4.3.0 / zoom-in: time-to-content 1085ms (loading=true, steps=5)
200x-shortread / current / zoom-out: time-to-content 0ms (3 bail) (loading=false, steps=1)
200x-shortread / release-4.3.0 / zoom-out: time-to-content _bail_ (loading=false, steps=0)
200x-shortread / current / pan: time-to-content 622ms (loading=true, steps=5) [chr22_mask:143,003..162,003 → chr22_mask:162,004..181,004 → chr22_mask:181,005..200,005 → chr22_mask:200,006..219,006 → chr22_mask:219,007..238,007]
200x-shortread / release-4.3.0 / pan: time-to-content 1818ms (loading=true, steps=5) [chr22_mask:143,003..162,003 → chr22_mask:162,004..181,004 → chr22_mask:181,005..200,005 → chr22_mask:200,006..219,006 → chr22_mask:219,007..238,007]
1000x-shortread / current / zoom-in: time-to-content 0ms (loading=false, steps=5)
1000x-shortread / release-4.3.0 / zoom-in: time-to-content 1717ms (loading=true, steps=5)
1000x-shortread / current / zoom-out: time-to-content 0ms (3 bail) (loading=false, steps=1)
1000x-shortread / release-4.3.0 / zoom-out: time-to-content _bail_ (loading=false, steps=0)
1000x-shortread / current / pan: time-to-content 1567ms (loading=true, steps=5) [chr22_mask:143,003..162,003 → chr22_mask:162,004..181,004 → chr22_mask:181,005..200,005 → chr22_mask:200,006..219,006 → chr22_mask:219,007..238,007]
1000x-shortread / release-4.3.0 / pan: time-to-content 4376ms (loading=true, steps=5) [chr22_mask:143,003..162,003 → chr22_mask:162,004..181,004 → chr22_mask:181,005..200,005 → chr22_mask:200,006..219,006 → chr22_mask:219,007..238,007]
20x-longread / current / zoom-in: time-to-content 0ms (loading=false, steps=5)
20x-longread / release-4.3.0 / zoom-in: time-to-content 1178ms (loading=true, steps=5)
20x-longread / current / zoom-out: time-to-content 0ms (3 bail) (loading=false, steps=1)
20x-longread / release-4.3.0 / zoom-out: time-to-content _bail_ (loading=false, steps=0)
20x-longread / current / pan: time-to-content 358ms (loading=true, steps=5) [chr22_mask:143,003..162,003 → chr22_mask:162,004..181,004 → chr22_mask:181,005..200,005 → chr22_mask:200,006..219,006 → chr22_mask:219,007..238,007]
20x-longread / release-4.3.0 / pan: time-to-content 1287ms (loading=true, steps=5) [chr22_mask:143,003..162,003 → chr22_mask:162,004..181,004 → chr22_mask:181,005..200,005 → chr22_mask:200,006..219,006 → chr22_mask:219,007..238,007]
200x-longread / current / zoom-in: time-to-content 0ms (loading=false, steps=5)
200x-longread / release-4.3.0 / zoom-in: time-to-content 2984ms (loading=true, steps=5)
200x-longread / current / zoom-out: time-to-content 0ms (3 bail) (loading=false, steps=1)
200x-longread / release-4.3.0 / zoom-out: time-to-content _bail_ (loading=false, steps=0)
200x-longread / current / pan: time-to-content 575ms (loading=true, steps=5) [chr22_mask:143,003..162,003 → chr22_mask:162,004..181,004 → chr22_mask:181,005..200,005 → chr22_mask:200,006..219,006 → chr22_mask:219,007..238,007]
200x-longread / release-4.3.0 / pan: time-to-content 2909ms (loading=true, steps=5) [chr22_mask:143,003..162,003 → chr22_mask:162,004..181,004 → chr22_mask:181,005..200,005 → chr22_mask:200,006..219,006 → chr22_mask:219,007..238,007]
1000x-longread / current / zoom-in: time-to-content 0ms (loading=false, steps=5)
1000x-longread / release-4.3.0 / zoom-in: time-to-content 15321ms (loading=true, steps=5)
1000x-longread / current / zoom-out: time-to-content 0ms (3 bail) (loading=false, steps=1)
1000x-longread / release-4.3.0 / zoom-out: time-to-content _bail_ (loading=false, steps=0)
1000x-longread / current / pan: time-to-content 3069ms (loading=true, steps=5) [chr22_mask:143,003..162,003 → chr22_mask:162,004..181,004 → chr22_mask:181,005..200,005 → chr22_mask:200,006..219,006 → chr22_mask:219,007..238,007]
1000x-longread / release-4.3.0 / pan: time-to-content 14261ms (loading=true, steps=5) [chr22_mask:143,003..162,003 → chr22_mask:162,004..181,004 → chr22_mask:181,005..200,005 → chr22_mask:200,006..219,006 → chr22_mask:219,007..238,007]

# Zoom interaction benchmark

Region `chr22_mask:124000-143000`. **time-to-content** = ms a loading indicator ("Downloading alignments...") is shown after a zoom before correct content returns; median over the measured steps. redraw = longest frame (ms) of the GPU redraw. A `≥` prefix marks a censored value: the step was still loading at MAX_WAIT (120000 ms), so the true figure is larger.

## Zoom IN — only the old renderer refetches

The new view is a strict subset of already-loaded reads, so the GPU branch re-projects without going to the network. This is its best case.

| case | current | release-4.3.0 | current redraw frame |
|---|---:|---:|---:|
| 20x-shortread | 0ms | 1059ms | 17ms |
| 200x-shortread | 0ms | 1085ms | 17ms |
| 1000x-shortread | 0ms | 1717ms | 17ms |
| 20x-longread | 0ms | 1178ms | 17ms |
| 200x-longread | 0ms | 2984ms | 17ms |
| 1000x-longread | 0ms | 15321ms | 50ms |

## Zoom OUT — mostly refused, not measured

Zooming out was meant to be the case where BOTH builds refetch, isolating render cost from avoided fetching. It largely does not work: past a byte threshold JBrowse declines the fetch and renders "Requested too much data (N Mb). Zoom in to see features or force load" instead of reads.

That path is fast and paints nothing, so it previously scored as a ~90ms success — the best-looking number in the table was a refusal to draw. `_bail_` marks a cell where no step drew anything; `(n bail)` marks partial refusal, with the median taken only over steps that did draw.

The honest reading: for anything heavier than 20x shortread, this comparison has no render timing in it. Panning at constant zoom is the way to test refetch against refetch without crossing the cap.

| case | current | release-4.3.0 | current redraw frame | drew/attempted |
|---|---:|---:|---:|---:|
| 20x-shortread | 0ms (1 bail) | 1970ms | 17ms | 3/4 |
| 200x-shortread | 0ms (3 bail) | _bail_ | 17ms | 1/4 |
| 1000x-shortread | 0ms (3 bail) | _bail_ | 17ms | 1/4 |
| 20x-longread | 0ms (3 bail) | _bail_ | 17ms | 1/4 |
| 200x-longread | 0ms (3 bail) | _bail_ | 17ms | 1/4 |
| 1000x-longread | 0ms (3 bail) | _bail_ | 83ms | 1/4 |

## PAN at constant zoom — both builds refetch

One full viewport sideways per step, `bpPerPx` unchanged. The region is new to both builds so neither can serve it from what it holds, and the bytes per step are the same as the initial render's, so the density cap that turns zoom-out into a refusal test is never approached. This is the refetch-vs-refetch comparison zoom-out was supposed to be.

Both architectures pay the fetch here, so this is the branch's *hardest* case — the opposite end from zoom-in. Any remaining gap is render cost, not avoided network.

A 19 kb window gets about five viewport-widths before it runs out of the 250 kb `chr22_mask`; steps beyond that are not attempted rather than clamped into a mostly-empty view.

| case | current | release-4.3.0 | ratio | current redraw frame | steps |
|---|---:|---:|---:|---:|---:|
| 20x-shortread | 337ms | 641ms | 1.90× | 17ms | 5/5 |
| 200x-shortread | 622ms | 1818ms | 2.92× | 17ms | 5/5 |
| 1000x-shortread | 1567ms | 4376ms | 2.79× | 133ms | 5/5 |
| 20x-longread | 358ms | 1287ms | 3.59× | 17ms | 5/5 |
| 200x-longread | 575ms | 2909ms | 5.06× | 17ms | 5/5 |
| 1000x-longread | 3069ms | 14261ms | 4.65× | 233ms | 5/5 |

Wrote results/interaction.{json,md}
finished Wed Aug  5 08:59:45 AM EDT 2026
load over run: min 2.82 median 4.82 max 13.32 (n=68)
