20x-shortread / webgl-poc: time-to-content 0ms (loading=false)
20x-shortread / release-4.3.0: time-to-content 1074ms (loading=true)
200x-shortread / webgl-poc: time-to-content 0ms (loading=false)
200x-shortread / release-4.3.0: time-to-content 1106ms (loading=true)
1000x-shortread / webgl-poc: time-to-content 0ms (loading=false)
1000x-shortread / release-4.3.0: time-to-content 1760ms (loading=true)
20x-longread / webgl-poc: time-to-content 0ms (loading=false)
20x-longread / release-4.3.0: time-to-content 1150ms (loading=true)
200x-longread / webgl-poc: time-to-content 0ms (loading=false)
200x-longread / release-4.3.0: time-to-content 2786ms (loading=true)
1000x-longread / webgl-poc: time-to-content 0ms (loading=false)
1000x-longread / release-4.3.0: time-to-content 15008ms (loading=true)

# Zoom interaction benchmark

Region `chr22_mask:124000-143000`, zoom IN by 2x (subset of already-loaded reads). **time-to-content** = ms a loading indicator ("Downloading alignments...") is shown after a zoom before correct content returns; median of 5 zooms. redraw = longest frame (ms) of the GPU redraw.

| case | webgl-poc time-to-content | release-4.3.0 time-to-content | webgl-poc redraw frame |
|---|---:|---:|---:|
| 20x-shortread | 0ms | 1074ms | 17ms |
| 200x-shortread | 0ms | 1106ms | 17ms |
| 1000x-shortread | 0ms | 1760ms | 17ms |
| 20x-longread | 0ms | 1150ms | 17ms |
| 200x-longread | 0ms | 2786ms | 17ms |
| 1000x-longread | 0ms | 15008ms | 117ms |

Wrote results/interaction.{json,md}
exited 0 at Sat Jun 13 11:26:17 PM EDT 2026
