=== 20x-shortread  15:15:49  load 22.53 ===
port 8000 is serving builds/current
port 8001 is serving builds/release-4.3.0
port 8002 is serving builds/release-4.1.15
port 8004 is serving builds/release-2.4.0
20x-shortread / current: 1878 1717 1767 1751 1712 1717 => median 1734ms (load 22.5→17.4)
20x-shortread / release-4.3.0: 2498 2280 2367 2465 3366 3825 => median 2482ms (load 17.4→17.1)
20x-shortread / release-4.1.15: 4170 3628 3560 3519 4060 3578 => median 3603ms (load 17.1→23.2)
20x-shortread / release-2.4.0: 4064 4103 4951 4191 4266 3981 => median 4147ms (load 23.2→20.5)
file:///home/cdiesh/src/jb2bench/scripts/render/runner.ts:217
    return `${cell.median.toFixed(0)} ±${cell.stddev.toFixed(0)}`
                   ^

TypeError: Cannot read properties of undefined (reading 'median')
    at file:///home/cdiesh/src/jb2bench/scripts/render/runner.ts:217:20
    at Array.map (<anonymous>)
    at file:///home/cdiesh/src/jb2bench/scripts/render/runner.ts:215:22
    at process.processTicksAndRejections (node:internal/process/task_queues:103:5)

Node.js v24.13.0
=== done 20x-shortread 15:18:06 ===
=== 200x-longread  15:18:06  load 20.49 ===
port 8000 is serving builds/current
port 8001 is serving builds/release-4.3.0
port 8002 is serving builds/release-4.1.15
port 8004 is serving builds/release-2.4.0
200x-longread / current: 3152 8502 3706 3280 3524 3257 => median 3402ms (load 20.5→18.8)
200x-longread / release-4.3.0: 13118 8993 9291 10276 9225 20517 => median 9784ms (load 18.8→27.1)
200x-longread / release-4.1.15: 11856 8334 9685 19856 12515 10871 => median 11364ms (load 27.1→27.7)
200x-longread / release-2.4.0: 11689 12275 11936 15147 8840 17963 => median 12106ms (load 27.7→19.0)
file:///home/cdiesh/src/jb2bench/scripts/render/runner.ts:217
    return `${cell.median.toFixed(0)} ±${cell.stddev.toFixed(0)}`
                   ^

TypeError: Cannot read properties of undefined (reading 'median')
    at file:///home/cdiesh/src/jb2bench/scripts/render/runner.ts:217:20
    at Array.map (<anonymous>)
    at file:///home/cdiesh/src/jb2bench/scripts/render/runner.ts:215:22
    at process.processTicksAndRejections (node:internal/process/task_queues:103:5)

Node.js v24.13.0
=== done 200x-longread 15:23:54 ===
=== 1000x-shortread  15:23:54  load 18.98 ===
port 8000 is serving builds/current
port 8001 is serving builds/release-4.3.0
port 8002 is serving builds/release-4.1.15
port 8004 is serving builds/release-2.4.0
1000x-shortread / current: 5982 4822 4492 4403 8893 6591 => median 5402ms (load 19.0→21.4)
1000x-shortread / release-4.3.0: 6669 5936 5418 5403 5224 5333 => median 5411ms (load 21.4→13.3)
1000x-shortread / release-4.1.15: 5067 5290 5049 5103 5048 5806 => median 5085ms (load 13.3→7.2)
1000x-shortread / release-2.4.0: 13596 8376 8621 9756 12067 17526 => median 10912ms (load 7.2→13.5)

# Alignments render benchmark

Region `chr22_mask:124000-143000` (19kb). In-page navigation→render-complete time, median of 6 runs (ms). Speedup = release-4.3.0 median ÷ current median.

`measured` is when each row was taken and `load` the highest 1-minute load average recorded across its cells. This machine is shared: a row measured under load is not comparable to one measured idle, so any row above 4.0 reports **unusable** in place of a speedup rather than a number that looks like a result. `?` means the row predates per-cell load recording.


> **20x-shortread, 1000x-shortread, 200x-longread, 1000x-longread** were measured on a machine under heavy external load and the timings are not usable. The medians are left in the table because they are what was measured, not because they mean anything; re-run with `CASES=20x-shortread,1000x-shortread,200x-longread,1000x-longread` on an idle box. Judge that the box is idle from `uptime` before starting, not from the load at the moment the run begins — on 2026-08-05 a run that started at load 3.15 was at 35 by the time it finished.

Wrote results/alignments.json and results/alignments.md
=== done 1000x-shortread 15:28:26 ===
=== 200x-shortread  15:28:26  load 13.46 ===
port 8000 is serving builds/current
port 8001 is serving builds/release-4.3.0
port 8002 is serving builds/release-4.1.15
port 8004 is serving builds/release-2.4.0
200x-shortread / current: 3039 2779 2153 2826 2455 2843 => median 2803ms (load 13.5→12.8)
200x-shortread / release-4.3.0: 4537 2973 3226 3163 3707 3017 => median 3195ms (load 12.8→16.4)
200x-shortread / release-4.1.15: 3147 3099 2979 3667 6833 3604 => median 3376ms (load 16.4→16.8)
200x-shortread / release-2.4.0: 4987 4043 5382 8799 5014 8841 => median 5198ms (load 16.8→14.7)

# Alignments render benchmark

Region `chr22_mask:124000-143000` (19kb). In-page navigation→render-complete time, median of 6 runs (ms). Speedup = release-4.3.0 median ÷ current median.

`measured` is when each row was taken and `load` the highest 1-minute load average recorded across its cells. This machine is shared: a row measured under load is not comparable to one measured idle, so any row above 4.0 reports **unusable** in place of a speedup rather than a number that looks like a result. `?` means the row predates per-cell load recording.


> **20x-shortread, 200x-shortread, 1000x-shortread, 200x-longread, 1000x-longread** were measured on a machine under heavy external load and the timings are not usable. The medians are left in the table because they are what was measured, not because they mean anything; re-run with `CASES=20x-shortread,200x-shortread,1000x-shortread,200x-longread,1000x-longread` on an idle box. Judge that the box is idle from `uptime` before starting, not from the load at the moment the run begins — on 2026-08-05 a run that started at load 3.15 was at 35 by the time it finished.

Wrote results/alignments.json and results/alignments.md
=== done 200x-shortread 15:31:09 ===
=== 20x-longread  15:31:09  load 14.68 ===
port 8000 is serving builds/current
port 8001 is serving builds/release-4.3.0
port 8002 is serving builds/release-4.1.15
port 8004 is serving builds/release-2.4.0
20x-longread / current: 1977 1929 1861 1900 1836 1825 => median 1881ms (load 14.7→13.4)
20x-longread / release-4.3.0: 3018 2909 2807 2911 2812 2861 => median 2885ms (load 13.4→10.4)
20x-longread / release-4.1.15: 2858 2889 2776 2669 2729 2745 => median 2761ms (load 10.4→8.1)
20x-longread / release-2.4.0: 4206 3310 7396 3287 3284 3320 => median 3315ms (load 8.1→7.8)

# Alignments render benchmark

Region `chr22_mask:124000-143000` (19kb). In-page navigation→render-complete time, median of 6 runs (ms). Speedup = release-4.3.0 median ÷ current median.

`measured` is when each row was taken and `load` the highest 1-minute load average recorded across its cells. This machine is shared: a row measured under load is not comparable to one measured idle, so any row above 4.0 reports **unusable** in place of a speedup rather than a number that looks like a result. `?` means the row predates per-cell load recording.


> **20x-shortread, 200x-shortread, 1000x-shortread, 20x-longread, 200x-longread, 1000x-longread** were measured on a machine under heavy external load and the timings are not usable. The medians are left in the table because they are what was measured, not because they mean anything; re-run with `CASES=20x-shortread,200x-shortread,1000x-shortread,20x-longread,200x-longread,1000x-longread` on an idle box. Judge that the box is idle from `uptime` before starting, not from the load at the moment the run begins — on 2026-08-05 a run that started at load 3.15 was at 35 by the time it finished.

Wrote results/alignments.json and results/alignments.md
=== done 20x-longread 15:33:05 ===
ALL COLD CASES DONE 15:33:05
