20x-shortread / webgl-poc: 1885 1879 1783 1886 1886 1778 => median 1882ms
20x-shortread / release-4.3.0: 2285 2476 2282 2482 2380 2383 => median 2382ms
20x-shortread / release-4.1.15: 2378 2384 2379 2283 2382 2376 => median 2379ms
200x-shortread / webgl-poc: 2584 2582 2481 2484 2488 2381 => median 2486ms
200x-shortread / release-4.3.0: 2690 2775 2777 2783 2776 2779 => median 2777ms
200x-shortread / release-4.1.15: 2779 2783 2684 2887 2879 2777 => median 2781ms
1000x-shortread / webgl-poc: 7187 7283 7188 7084 7083 7086 => median 7137ms
1000x-shortread / release-4.3.0: 4579 4682 4480 4583 4677 4578 => median 4581ms
1000x-shortread / release-4.1.15: 4782 4785 4677 4680 4784 4682 => median 4732ms
20x-longread / webgl-poc: 1983 1984 1982 1979 2078 1982 => median 1983ms
20x-longread / release-4.3.0: 2577 2585 2578 2578 2581 2583 => median 2580ms
20x-longread / release-4.1.15: 2784 2686 2579 2584 2578 2577 => median 2582ms
200x-longread / webgl-poc: 3879 3883 3980 3784 3788 3783 => median 3834ms
200x-longread / release-4.3.0: 5883 5874 5886 5983 5979 5783 => median 5885ms
200x-longread / release-4.1.15: 6283 5983 5985 5980 5984 5877 => median 5984ms
1000x-longread / webgl-poc: 11583 11786 11680 11789 11597 11881 => median 11733ms
1000x-longread / release-4.3.0: 17376 17077 17084 20281 20384 17177 => median 17277ms
1000x-longread / release-4.1.15: 22179 21880 21681 21378 21682 21481 => median 21682ms

# Alignments render benchmark

Region `chr22_mask:124000-143000` (19kb). In-page navigation→render-complete time, median of 6 runs (ms). Speedup = release-4.3.0 median ÷ webgl-poc median.

| case | webgl-poc | release-4.3.0 | release-4.1.15 | speedup vs release-4.3.0 |
|---|---:|---:|---:|---:|
| 20x-shortread | 1882 ±49 | 2382 ±80 | 2379 ±36 | 1.27× |
| 200x-shortread | 2486 ±69 | 2777 ±33 | 2781 ±69 | 1.12× |
| 1000x-shortread | 7137 ±75 | 4581 ±69 | 4732 ±52 | 0.64× |
| 20x-longread | 1983 ±36 | 2580 ±3 | 2582 ±79 | 1.30× |
| 200x-longread | 3834 ±72 | 5885 ±68 | 5984 ±126 | 1.54× |
| 1000x-longread | 11733 ±108 | 17277 ±1490 | 21682 ±262 | 1.47× |

Wrote results/alignments.json and results/alignments.md
runner exited 0 at Sat Jun 13 10:54:16 PM EDT 2026
